// Jest Snapshot v1, https://goo.gl/fbAQLP

exports[`Dashboard should match snapshot 1`] = `
Object {
  "asFragment": [Function],
  "baseElement": <body>
    <div />
    <div>
      <div
        class="dashboard-home"
      >
        <div
          class="react-tabs"
          data-rttabs="true"
        >
          <ul
            class="react-tabs__tab-list"
            role="tablist"
          >
            <li
              aria-controls="panel:r0:0"
              aria-disabled="false"
              aria-selected="true"
              class="react-tabs__tab react-tabs__tab--selected"
              data-rttab="true"
              id="tab:r0:0"
              role="tab"
              tabindex="0"
            >
              Unanswered
            </li>
            <li
              aria-controls="panel:r0:1"
              aria-disabled="false"
              aria-selected="false"
              class="react-tabs__tab"
              data-rttab="true"
              id="tab:r0:1"
              role="tab"
            >
              Answered
            </li>
          </ul>
          <div
            aria-labelledby="tab:r0:0"
            class="answered-questions react-tabs__tab-panel--selected"
            id="panel:r0:0"
            role="tabpanel"
          >
            <div>
              <h3>
                Unanswered Questions
              </h3>
            </div>
          </div>
          <div
            aria-labelledby="tab:r0:1"
            class="react-tabs__tab-panel"
            id="panel:r0:1"
            role="tabpanel"
          />
        </div>
      </div>
    </div>
  </body>,
  "container": <div>
    <div
      class="dashboard-home"
    >
      <div
        class="react-tabs"
        data-rttabs="true"
      >
        <ul
          class="react-tabs__tab-list"
          role="tablist"
        >
          <li
            aria-controls="panel:r0:0"
            aria-disabled="false"
            aria-selected="true"
            class="react-tabs__tab react-tabs__tab--selected"
            data-rttab="true"
            id="tab:r0:0"
            role="tab"
            tabindex="0"
          >
            Unanswered
          </li>
          <li
            aria-controls="panel:r0:1"
            aria-disabled="false"
            aria-selected="false"
            class="react-tabs__tab"
            data-rttab="true"
            id="tab:r0:1"
            role="tab"
          >
            Answered
          </li>
        </ul>
        <div
          aria-labelledby="tab:r0:0"
          class="answered-questions react-tabs__tab-panel--selected"
          id="panel:r0:0"
          role="tabpanel"
        >
          <div>
            <h3>
              Unanswered Questions
            </h3>
          </div>
        </div>
        <div
          aria-labelledby="tab:r0:1"
          class="react-tabs__tab-panel"
          id="panel:r0:1"
          role="tabpanel"
        />
      </div>
    </div>
  </div>,
  "debug": [Function],
  "findAllByAltText": [Function],
  "findAllByDisplayValue": [Function],
  "findAllByLabelText": [Function],
  "findAllByPlaceholderText": [Function],
  "findAllByRole": [Function],
  "findAllByTestId": [Function],
  "findAllByText": [Function],
  "findAllByTitle": [Function],
  "findByAltText": [Function],
  "findByDisplayValue": [Function],
  "findByLabelText": [Function],
  "findByPlaceholderText": [Function],
  "findByRole": [Function],
  "findByTestId": [Function],
  "findByText": [Function],
  "findByTitle": [Function],
  "getAllByAltText": [Function],
  "getAllByDisplayValue": [Function],
  "getAllByLabelText": [Function],
  "getAllByPlaceholderText": [Function],
  "getAllByRole": [Function],
  "getAllByTestId": [Function],
  "getAllByText": [Function],
  "getAllByTitle": [Function],
  "getByAltText": [Function],
  "getByDisplayValue": [Function],
  "getByLabelText": [Function],
  "getByPlaceholderText": [Function],
  "getByRole": [Function],
  "getByTestId": [Function],
  "getByText": [Function],
  "getByTitle": [Function],
  "queryAllByAltText": [Function],
  "queryAllByDisplayValue": [Function],
  "queryAllByLabelText": [Function],
  "queryAllByPlaceholderText": [Function],
  "queryAllByRole": [Function],
  "queryAllByTestId": [Function],
  "queryAllByText": [Function],
  "queryAllByTitle": [Function],
  "queryByAltText": [Function],
  "queryByDisplayValue": [Function],
  "queryByLabelText": [Function],
  "queryByPlaceholderText": [Function],
  "queryByRole": [Function],
  "queryByTestId": [Function],
  "queryByText": [Function],
  "queryByTitle": [Function],
  "rerender": [Function],
  "unmount": [Function],
}
`;
